#
# There is insufficient memory for the Java Runtime Environment to continue.
# Native memory allocation (malloc) failed to allocate 1048576 bytes. Error detail: AllocateHeap
# Possible reasons:
#   The system is out of physical RAM or swap space
#   This process is running with CompressedOops enabled, and the Java Heap may be blocking the growth of the native heap
# Possible solutions:
#   Reduce memory load on the system
#   Increase physical memory or swap space
#   Check if swap backing store is full
#   Decrease Java heap size (-Xmx/-Xms)
#   Decrease number of Java threads
#   Decrease Java thread stack sizes (-Xss)
#   Set larger code cache with -XX:ReservedCodeCacheSize=
#   JVM is running with Unscaled Compressed Oops mode in which the Java heap is
#     placed in the first 4GB address space. The Java Heap base address is the
#     maximum limit for the native heap growth. Please use -XX:HeapBaseMinAddress
#     to set the Java Heap base and to place the Java Heap above 4GB virtual address.
# This output file may be truncated or incomplete.
#
#  Out of Memory Error (allocation.cpp:44), pid=11872, tid=17544
#
# JRE version: OpenJDK Runtime Environment Temurin-21.0.11+10 (21.0.11+10) (build 21.0.11+10-LTS)
# Java VM: OpenJDK 64-Bit Server VM Temurin-21.0.11+10 (21.0.11+10-LTS, mixed mode, sharing, tiered, compressed oops, compressed class ptrs, parallel gc, windows-amd64)
# No core dump will be written. Minidumps are not enabled by default on client versions of Windows
#

---------------  S U M M A R Y ------------

Command Line: --add-modules=ALL-SYSTEM --add-opens=java.base/java.util=ALL-UNNAMED --add-opens=java.base/java.lang=ALL-UNNAMED --add-opens=java.base/sun.nio.fs=ALL-UNNAMED -Declipse.application=org.eclipse.jdt.ls.core.id1 -Dosgi.bundles.defaultStartLevel=4 -Declipse.product=org.eclipse.jdt.ls.core.product -Djava.import.generatesMetadataFilesAtProjectRoot=false -DDetectVMInstallationsJob.disabled=true -Dfile.encoding=utf8 -XX:+UseParallelGC -XX:GCTimeRatio=4 -XX:AdaptiveSizePolicyWeight=90 -Dsun.zip.disableMemoryMapping=true -Xmx2G -Xms100m -Xlog:disable -javaagent:c:\Users\quint_ql99put\.vscode\extensions\redhat.java-1.55.0-win32-x64\lombok\lombok-1.18.39-4050.jar -XX:+HeapDumpOnOutOfMemoryError -XX:HeapDumpPath=c:\Users\quint_ql99put\AppData\Roaming\Code\User\workspaceStorage\e807a73fa681daab4bd5bc834418a9a6\redhat.java -Daether.dependencyCollector.impl=bf c:\Users\quint_ql99put\.vscode\extensions\redhat.java-1.55.0-win32-x64\server\plugins\org.eclipse.equinox.launcher_1.7.200.v20260619-2039.jar -configuration c:\Users\quint_ql99put\AppData\Roaming\Code\User\globalStorage\redhat.java\1.55.0\config_win -data c:\Users\quint_ql99put\AppData\Roaming\Code\User\workspaceStorage\e807a73fa681daab4bd5bc834418a9a6\redhat.java\jdt_ws --pipe=\\.\pipe\lsp-4829e8ab894c001af5f0f26ca9beb9d2-sock

Host: Intel(R) N200, 4 cores, 3G,  Windows 11 , 64 bit Build 26100 (10.0.26100.9168)
Time: Sat Aug 29 19:10:15 2026 Hora estándar central (México) elapsed time: 71817.973912 seconds (0d 19h 56m 57s)

---------------  T H R E A D  ---------------

Current thread (0x00000163c582da80):  JavaThread "Attach Listener" daemon [_thread_in_vm, id=17544, stack(0x0000001a1a300000,0x0000001a1a400000) (1024K)]

Stack: [0x0000001a1a300000,0x0000001a1a400000]
Native frames: (J=compiled Java code, j=interpreted, Vv=VM code, C=native code)
V  [jvm.dll+0x6d7e19]
V  [jvm.dll+0x8b5096]
V  [jvm.dll+0x8b764e]
V  [jvm.dll+0x8b7d33]
V  [jvm.dll+0x284596]
V  [jvm.dll+0xc13c7]
V  [jvm.dll+0x6d86c9]
V  [jvm.dll+0x133616]
V  [jvm.dll+0x3f868e]
V  [jvm.dll+0x85fb0d]
V  [jvm.dll+0x6d664d]
C  [ucrtbase.dll+0x2cd30]
C  [KERNEL32.DLL+0x2ccb7]
C  [ntdll.dll+0xaad6c]


---------------  P R O C E S S  ---------------

Threads class SMR info:
_java_thread_list=0x00000163e4641e30, length=36, elements={
0x00000163c593b730, 0x00000163c58264b0, 0x00000163c58288d0, 0x00000163c582d020,
0x00000163c582da80, 0x00000163c5832500, 0x00000163c5832f60, 0x00000163c5833da0,
0x00000163c58aa7b0, 0x00000163e11349a0, 0x00000163e1368890, 0x00000163e1425d30,
0x00000163e19f7730, 0x00000163e16f7150, 0x00000163e16f7b90, 0x00000163e2173100,
0x00000163e22f1610, 0x00000163e10fd610, 0x00000163e1b6f970, 0x00000163e366ca30,
0x00000163e366a960, 0x00000163e366d0c0, 0x00000163e3669c40, 0x00000163e366d750,
0x00000163e366aff0, 0x00000163e366b680, 0x00000163e366dde0, 0x00000163e366e470,
0x00000163e265f740, 0x00000163e2660460, 0x00000163e2661180, 0x00000163e4335c50,
0x00000163e43348a0, 0x00000163e4338a40, 0x00000163e43383b0, 0x00000163e43362e0
}

Java Threads: ( => current thread )
  0x00000163c593b730 JavaThread "main"                              [_thread_blocked, id=18300, stack(0x0000001a19c00000,0x0000001a19d00000) (1024K)]
  0x00000163c58264b0 JavaThread "Reference Handler"          daemon [_thread_blocked, id=25424, stack(0x0000001a1a000000,0x0000001a1a100000) (1024K)]
  0x00000163c58288d0 JavaThread "Finalizer"                  daemon [_thread_blocked, id=22576, stack(0x0000001a1a100000,0x0000001a1a200000) (1024K)]
  0x00000163c582d020 JavaThread "Signal Dispatcher"          daemon [_thread_blocked, id=13756, stack(0x0000001a1a200000,0x0000001a1a300000) (1024K)]
=>0x00000163c582da80 JavaThread "Attach Listener"            daemon [_thread_in_vm, id=17544, stack(0x0000001a1a300000,0x0000001a1a400000) (1024K)]
  0x00000163c5832500 JavaThread "Service Thread"             daemon [_thread_blocked, id=16324, stack(0x0000001a1a400000,0x0000001a1a500000) (1024K)]
  0x00000163c5832f60 JavaThread "Monitor Deflation Thread"   daemon [_thread_blocked, id=21796, stack(0x0000001a1a500000,0x0000001a1a600000) (1024K)]
  0x00000163c5833da0 JavaThread "C2 CompilerThread0"         daemon [_thread_blocked, id=7340, stack(0x0000001a1a600000,0x0000001a1a700000) (1024K)]
  0x00000163c58aa7b0 JavaThread "C1 CompilerThread0"         daemon [_thread_blocked, id=8556, stack(0x0000001a1a700000,0x0000001a1a800000) (1024K)]
  0x00000163e11349a0 JavaThread "Common-Cleaner"             daemon [_thread_blocked, id=21636, stack(0x0000001a1a800000,0x0000001a1a900000) (1024K)]
  0x00000163e1368890 JavaThread "Notification Thread"        daemon [_thread_blocked, id=15620, stack(0x0000001a1a900000,0x0000001a1aa00000) (1024K)]
  0x00000163e1425d30 JavaThread "Active Thread: Equinox Container: 6ffbc77b-4aac-4f75-8b33-1886e348eb1d"        [_thread_blocked, id=26028, stack(0x0000001a1ad00000,0x0000001a1ae00000) (1024K)]
  0x00000163e19f7730 JavaThread "Refresh Thread: Equinox Container: 6ffbc77b-4aac-4f75-8b33-1886e348eb1d" daemon [_thread_blocked, id=25484, stack(0x0000001a1ae00000,0x0000001a1af00000) (1024K)]
  0x00000163e16f7150 JavaThread "Framework Event Dispatcher: Equinox Container: 6ffbc77b-4aac-4f75-8b33-1886e348eb1d" daemon [_thread_blocked, id=14344, stack(0x0000001a1af00000,0x0000001a1b000000) (1024K)]
  0x00000163e16f7b90 JavaThread "Start Level: Equinox Container: 6ffbc77b-4aac-4f75-8b33-1886e348eb1d" daemon [_thread_blocked, id=10308, stack(0x0000001a1b000000,0x0000001a1b100000) (1024K)]
  0x00000163e2173100 JavaThread "Bundle File Closer"         daemon [_thread_blocked, id=14312, stack(0x0000001a1b100000,0x0000001a1b200000) (1024K)]
  0x00000163e22f1610 JavaThread "SCR Component Actor"        daemon [_thread_blocked, id=25792, stack(0x0000001a1b200000,0x0000001a1b300000) (1024K)]
  0x00000163e10fd610 JavaThread "Worker-JM"                         [_thread_blocked, id=13456, stack(0x0000001a1b300000,0x0000001a1b400000) (1024K)]
  0x00000163e1b6f970 JavaThread "JNA Cleaner"                daemon [_thread_blocked, id=16736, stack(0x0000001a1b400000,0x0000001a1b500000) (1024K)]
  0x00000163e366ca30 JavaThread "Java indexing"              daemon [_thread_blocked, id=19164, stack(0x0000001a1b900000,0x0000001a1ba00000) (1024K)]
  0x00000163e366a960 JavaThread "Thread-1"                   daemon [_thread_in_native, id=23636, stack(0x0000001a1be00000,0x0000001a1bf00000) (1024K)]
  0x00000163e366d0c0 JavaThread "Thread-2"                   daemon [_thread_in_native, id=3544, stack(0x0000001a1bf00000,0x0000001a1c000000) (1024K)]
  0x00000163e3669c40 JavaThread "Thread-3"                   daemon [_thread_in_native, id=22988, stack(0x0000001a1c000000,0x0000001a1c100000) (1024K)]
  0x00000163e366d750 JavaThread "Thread-4"                   daemon [_thread_in_native, id=25948, stack(0x0000001a1c100000,0x0000001a1c200000) (1024K)]
  0x00000163e366aff0 JavaThread "Thread-5"                   daemon [_thread_in_native, id=20948, stack(0x0000001a1c200000,0x0000001a1c300000) (1024K)]
  0x00000163e366b680 JavaThread "pool-2-thread-1"                   [_thread_blocked, id=23248, stack(0x0000001a1c300000,0x0000001a1c400000) (1024K)]
  0x00000163e366dde0 JavaThread "WorkspaceEventsHandler"            [_thread_blocked, id=11096, stack(0x0000001a1c400000,0x0000001a1c500000) (1024K)]
  0x00000163e366e470 JavaThread "pool-1-thread-1"                   [_thread_blocked, id=26044, stack(0x0000001a1c500000,0x0000001a1c600000) (1024K)]
  0x00000163e265f740 JavaThread "Cleaner-0"                  daemon [_thread_blocked, id=24096, stack(0x0000001a1c800000,0x0000001a1c900000) (1024K)]
  0x00000163e2660460 JavaThread "PatternSearchJob-worker-4"  daemon [_thread_blocked, id=16264, stack(0x0000001a19b00000,0x0000001a19c00000) (1024K)]
  0x00000163e2661180 JavaThread "PatternSearchJob-worker-5"  daemon [_thread_blocked, id=16976, stack(0x0000001a1b800000,0x0000001a1b900000) (1024K)]
  0x00000163e4335c50 JavaThread "Worker-12"                         [_thread_blocked, id=9292, stack(0x0000001a1b500000,0x0000001a1b600000) (1024K)]
  0x00000163e43348a0 JavaThread "ForkJoinPool.commonPool-worker-12" daemon [_thread_blocked, id=880, stack(0x0000001a1bb00000,0x0000001a1bc00000) (1024K)]
  0x00000163e4338a40 JavaThread "PatternSearchJob-worker-7"  daemon [_thread_blocked, id=24728, stack(0x0000001a1b700000,0x0000001a1b800000) (1024K)]
  0x00000163e43383b0 JavaThread "Worker-14"                         [_thread_blocked, id=18164, stack(0x0000001a1ba00000,0x0000001a1bb00000) (1024K)]
  0x00000163e43362e0 JavaThread "ForkJoinPool.commonPool-worker-15" daemon [_thread_blocked, id=23696, stack(0x0000001a19a00000,0x0000001a19b00000) (1024K)]
Total: 36

Other Threads:
  0x00000163c59dab50 VMThread "VM Thread"                           [id=23892, stack(0x0000001a19f00000,0x0000001a1a000000) (1024K)]
  0x00000163c57bca00 WatcherThread "VM Periodic Task Thread"        [id=15032, stack(0x0000001a19e00000,0x0000001a19f00000) (1024K)]
  0x00000163c5955620 WorkerThread "GC Thread#0"                     [id=21016, stack(0x0000001a19d00000,0x0000001a19e00000) (1024K)]
  0x00000163c58cf500 WorkerThread "GC Thread#1"                     [id=27264, stack(0x0000001a1aa00000,0x0000001a1ab00000) (1024K)]
  0x00000163c5861ff0 WorkerThread "GC Thread#2"                     [id=11296, stack(0x0000001a1ab00000,0x0000001a1ac00000) (1024K)]
  0x00000163e1303680 WorkerThread "GC Thread#3"                     [id=13448, stack(0x0000001a1ac00000,0x0000001a1ad00000) (1024K)]
Total: 6

Threads with active compile tasks:
Total: 0

VM state: not at safepoint (normal execution)

VM Mutex/Monitor currently owned by a thread: None

Heap address: 0x0000000080000000, size: 2048 MB, Compressed Oops mode: 32-bit

CDS archive(s) mapped at: [0x0000016380000000-0x0000016380ba0000-0x0000016380ba0000), size 12189696, SharedBaseAddress: 0x0000016380000000, ArchiveRelocationMode: 1.
Compressed class space mapped at: 0x0000016381000000-0x00000163c1000000, reserved size: 1073741824
Narrow klass base: 0x0000016380000000, Narrow klass shift: 0, Narrow klass range: 0x100000000

GC Precious Log:
 CardTable entry size: 512
 CPUs: 4 total, 4 available
 Memory: 3751M
 Large Page Support: Disabled
 NUMA Support: Disabled
 Compressed Oops: Enabled (32-bit)
 Alignments: Space 512K, Generation 512K, Heap 2M
 Heap Min Capacity: 100M
 Heap Initial Capacity: 100M
 Heap Max Capacity: 2G
 Pre-touch: Disabled
 Parallel Workers: 4

Heap:
 PSYoungGen      total 3584K, used 3067K [0x00000000d5580000, 0x00000000d5b80000, 0x0000000100000000)
  eden space 1536K, 97% used [0x00000000d5580000,0x00000000d56f6d98,0x00000000d5700000)
  from space 2048K, 76% used [0x00000000d5700000,0x00000000d5888000,0x00000000d5900000)
  to   space 2048K, 0% used [0x00000000d5980000,0x00000000d5980000,0x00000000d5b80000)
 ParOldGen       total 934912K, used 934842K [0x0000000080000000, 0x00000000b9100000, 0x00000000d5580000)
  object space 934912K, 99% used [0x0000000080000000,0x00000000b90ee9a8,0x00000000b9100000)
 Metaspace       used 83812K, committed 85440K, reserved 1179648K
  class space    used 8547K, committed 9280K, reserved 1048576K

Card table byte_map: [0x00000163c52d0000,0x00000163c56e0000] _byte_map_base: 0x00000163c4ed0000

Marking Bits: (ParMarkBitMap*) 0x00007ffdf4514460
 Begin Bits: [0x00000163d7de0000, 0x00000163d9de0000)
 End Bits:   [0x00000163d9de0000, 0x00000163dbde0000)

Polling page: 0x00000163c38e0000

Metaspace:

Usage:
  Non-class:     73.50 MB used.
      Class:      8.35 MB used.
       Both:     81.85 MB used.

Virtual space:
  Non-class space:      128.00 MB reserved,      74.38 MB ( 58%) committed,  2 nodes.
      Class space:        1.00 GB reserved,       9.06 MB ( <1%) committed,  1 nodes.
             Both:        1.12 GB reserved,      83.44 MB (  7%) committed. 

Chunk freelists:
   Non-Class:  5.17 MB
       Class:  6.95 MB
        Both:  12.13 MB

MaxMetaspaceSize: unlimited
CompressedClassSpaceSize: 1.00 GB
Initial GC threshold: 21.00 MB
Current GC threshold: 126.38 MB
CDS: on
 - commit_granule_bytes: 65536.
 - commit_granule_words: 8192.
 - virtual_space_node_default_size: 8388608.
 - enlarge_chunks_in_place: 1.
 - use_allocation_guard: 0.


Internal statistics:

num_allocs_failed_limit: 11.
num_arena_births: 1544.
num_arena_deaths: 260.
num_vsnodes_births: 3.
num_vsnodes_deaths: 0.
num_space_committed: 1335.
num_space_uncommitted: 0.
num_chunks_returned_to_freelist: 291.
num_chunks_taken_from_freelist: 5688.
num_chunk_merges: 78.
num_chunk_splits: 3363.
num_chunks_enlarged: 1862.
num_inconsistent_stats: 0.

CodeHeap 'non-profiled nmethods': size=120000Kb used=18731Kb max_used=18731Kb free=101268Kb
 bounds [0x00000163d0600000, 0x00000163d1850000, 0x00000163d7b30000]
CodeHeap 'profiled nmethods': size=120000Kb used=44812Kb max_used=44812Kb free=75187Kb
 bounds [0x00000163c8b30000, 0x00000163cb700000, 0x00000163d0060000]
CodeHeap 'non-nmethods': size=5760Kb used=1502Kb max_used=1561Kb free=4257Kb
 bounds [0x00000163d0060000, 0x00000163d02d0000, 0x00000163d0600000]
CodeCache: size=245760Kb, used=65045Kb, max_used=65104Kb, free=180712Kb
 total_blobs=18038, nmethods=17218, adapters=722, full_count=0
Compilation: enabled, stopped_count=0, restarted_count=0

Compilation events (20 events):
Event: 71697.932 Thread 0x00000163c58aa7b0 18700       3       org.eclipse.jdt.internal.core.util.Util::relativePath (204 bytes)
Event: 71698.029 Thread 0x00000163c58aa7b0 nmethod 18700 0x00000163cb6ed390 code [0x00000163cb6ed620, 0x00000163cb6ee2e0]
Event: 71698.030 Thread 0x00000163c58aa7b0 18701       3       org.eclipse.jdt.internal.core.search.PatternSearchJob$$Lambda/0x00000163815618c8::<init> (20 bytes)
Event: 71698.040 Thread 0x00000163c58aa7b0 nmethod 18701 0x00000163cb6ee910 code [0x00000163cb6eeac0, 0x00000163cb6eec68]
Event: 71698.040 Thread 0x00000163c58aa7b0 18702       3       org.eclipse.jdt.internal.core.search.PatternSearchJob$$Lambda/0x00000163815618c8::call (16 bytes)
Event: 71698.054 Thread 0x00000163c58aa7b0 nmethod 18702 0x00000163cb6eed10 code [0x00000163cb6eeec0, 0x00000163cb6ef078]
Event: 71698.054 Thread 0x00000163c58aa7b0 18703       3       org.eclipse.jdt.internal.core.search.PatternSearchJob::lambda$1 (8 bytes)
Event: 71698.054 Thread 0x00000163c58aa7b0 nmethod 18703 0x00000163cb6ef190 code [0x00000163cb6ef340, 0x00000163cb6ef480]
Event: 71698.063 Thread 0x00000163c58aa7b0 18704       3       org.eclipse.jdt.internal.core.search.PatternSearchJob$$Lambda/0x0000016381561d00::<init> (10 bytes)
Event: 71698.063 Thread 0x00000163c58aa7b0 nmethod 18704 0x00000163cb6ef510 code [0x00000163cb6ef6c0, 0x00000163cb6ef848]
Event: 71698.153 Thread 0x00000163c58aa7b0 18705       3       org.eclipse.jdt.internal.compiler.lookup.BinaryTypeBinding::memberTypes (173 bytes)
Event: 71698.266 Thread 0x00000163c58aa7b0 nmethod 18705 0x00000163cb6ef910 code [0x00000163cb6efb80, 0x00000163cb6f07f0]
Event: 71698.267 Thread 0x00000163c58aa7b0 18706       3       org.eclipse.jdt.internal.core.search.PatternSearchJob$IndexResult::<init> (15 bytes)
Event: 71698.272 Thread 0x00000163c58aa7b0 nmethod 18706 0x00000163cb6f0c10 code [0x00000163cb6f0dc0, 0x00000163cb6f0f50]
Event: 71698.291 Thread 0x00000163c58aa7b0 18707   !   3       org.eclipse.jdt.internal.core.search.PatternSearchJob::clone (45 bytes)
Event: 71698.365 Thread 0x00000163c58aa7b0 nmethod 18707 0x00000163cb6f1010 code [0x00000163cb6f12c0, 0x00000163cb6f1fc8]
Event: 71698.367 Thread 0x00000163c58aa7b0 18709  s    3       org.eclipse.jdt.internal.core.index.DiskIndex::stopQuery (92 bytes)
Event: 71698.375 Thread 0x00000163c58aa7b0 nmethod 18709 0x00000163cb6f2490 code [0x00000163cb6f2680, 0x00000163cb6f2ad8]
Event: 71698.375 Thread 0x00000163c58aa7b0 18708       3       org.eclipse.jdt.internal.core.search.AbstractSearchScope::clone (8 bytes)
Event: 71698.375 Thread 0x00000163c58aa7b0 nmethod 18708 0x00000163cb6f2c90 code [0x00000163cb6f2e40, 0x00000163cb6f3070]

GC Heap History (20 events):
Event: 71697.479 GC heap before
{Heap before GC invocations=1176 (full 4):
 PSYoungGen      total 1024K, used 752K [0x00000000d5580000, 0x00000000d5900000, 0x0000000100000000)
  eden space 512K, 100% used [0x00000000d5580000,0x00000000d5600000,0x00000000d5600000)
  from space 512K, 46% used [0x00000000d5600000,0x00000000d563c010,0x00000000d5680000)
  to   space 512K, 0% used [0x00000000d5880000,0x00000000d5880000,0x00000000d5900000)
 ParOldGen       total 929792K, used 929416K [0x0000000080000000, 0x00000000b8c00000, 0x00000000d5580000)
  object space 929792K, 99% used [0x0000000080000000,0x00000000b8ba2078,0x00000000b8c00000)
 Metaspace       used 83807K, committed 85440K, reserved 1179648K
  class space    used 8547K, committed 9280K, reserved 1048576K
}
Event: 71697.488 GC heap after
{Heap after GC invocations=1176 (full 4):
 PSYoungGen      total 1024K, used 352K [0x00000000d5580000, 0x00000000d5900000, 0x0000000100000000)
  eden space 512K, 0% used [0x00000000d5580000,0x00000000d5580000,0x00000000d5600000)
  from space 512K, 68% used [0x00000000d5880000,0x00000000d58d8000,0x00000000d5900000)
  to   space 512K, 0% used [0x00000000d5600000,0x00000000d5600000,0x00000000d5680000)
 ParOldGen       total 929792K, used 929592K [0x0000000080000000, 0x00000000b8c00000, 0x00000000d5580000)
  object space 929792K, 99% used [0x0000000080000000,0x00000000b8bce088,0x00000000b8c00000)
 Metaspace       used 83807K, committed 85440K, reserved 1179648K
  class space    used 8547K, committed 9280K, reserved 1048576K
}
Event: 71698.046 GC heap before
{Heap before GC invocations=1177 (full 4):
 PSYoungGen      total 1024K, used 806K [0x00000000d5580000, 0x00000000d5900000, 0x0000000100000000)
  eden space 512K, 88% used [0x00000000d5580000,0x00000000d55f1bd0,0x00000000d5600000)
  from space 512K, 68% used [0x00000000d5880000,0x00000000d58d8000,0x00000000d5900000)
  to   space 512K, 0% used [0x00000000d5600000,0x00000000d5600000,0x00000000d5680000)
 ParOldGen       total 929792K, used 929592K [0x0000000080000000, 0x00000000b8c00000, 0x00000000d5580000)
  object space 929792K, 99% used [0x0000000080000000,0x00000000b8bce088,0x00000000b8c00000)
 Metaspace       used 83809K, committed 85440K, reserved 1179648K
  class space    used 8547K, committed 9280K, reserved 1048576K
}
Event: 71698.054 GC heap after
{Heap after GC invocations=1177 (full 4):
 PSYoungGen      total 1024K, used 393K [0x00000000d5580000, 0x00000000d5900000, 0x0000000100000000)
  eden space 512K, 0% used [0x00000000d5580000,0x00000000d5580000,0x00000000d5600000)
  from space 512K, 76% used [0x00000000d5600000,0x00000000d56624f8,0x00000000d5680000)
  to   space 512K, 0% used [0x00000000d5880000,0x00000000d5880000,0x00000000d5900000)
 ParOldGen       total 930304K, used 929832K [0x0000000080000000, 0x00000000b8c80000, 0x00000000d5580000)
  object space 930304K, 99% used [0x0000000080000000,0x00000000b8c0a088,0x00000000b8c80000)
 Metaspace       used 83809K, committed 85440K, reserved 1179648K
  class space    used 8547K, committed 9280K, reserved 1048576K
}
Event: 71698.064 GC heap before
{Heap before GC invocations=1178 (full 4):
 PSYoungGen      total 1024K, used 905K [0x00000000d5580000, 0x00000000d5900000, 0x0000000100000000)
  eden space 512K, 99% used [0x00000000d5580000,0x00000000d55fff98,0x00000000d5600000)
  from space 512K, 76% used [0x00000000d5600000,0x00000000d56624f8,0x00000000d5680000)
  to   space 512K, 0% used [0x00000000d5880000,0x00000000d5880000,0x00000000d5900000)
 ParOldGen       total 930304K, used 929832K [0x0000000080000000, 0x00000000b8c80000, 0x00000000d5580000)
  object space 930304K, 99% used [0x0000000080000000,0x00000000b8c0a088,0x00000000b8c80000)
 Metaspace       used 83810K, committed 85440K, reserved 1179648K
  class space    used 8547K, committed 9280K, reserved 1048576K
}
Event: 71698.069 GC heap after
{Heap after GC invocations=1178 (full 4):
 PSYoungGen      total 1024K, used 489K [0x00000000d5580000, 0x00000000d5900000, 0x0000000100000000)
  eden space 512K, 0% used [0x00000000d5580000,0x00000000d5580000,0x00000000d5600000)
  from space 512K, 95% used [0x00000000d5880000,0x00000000d58fa4f8,0x00000000d5900000)
  to   space 1024K, 0% used [0x00000000d5700000,0x00000000d5700000,0x00000000d5800000)
 ParOldGen       total 930304K, used 930153K [0x0000000080000000, 0x00000000b8c80000, 0x00000000d5580000)
  object space 930304K, 99% used [0x0000000080000000,0x00000000b8c5a580,0x00000000b8c80000)
 Metaspace       used 83810K, committed 85440K, reserved 1179648K
  class space    used 8547K, committed 9280K, reserved 1048576K
}
Event: 71698.080 GC heap before
{Heap before GC invocations=1179 (full 4):
 PSYoungGen      total 1024K, used 1001K [0x00000000d5580000, 0x00000000d5900000, 0x0000000100000000)
  eden space 512K, 99% used [0x00000000d5580000,0x00000000d55fff98,0x00000000d5600000)
  from space 512K, 95% used [0x00000000d5880000,0x00000000d58fa4f8,0x00000000d5900000)
  to   space 1024K, 0% used [0x00000000d5700000,0x00000000d5700000,0x00000000d5800000)
 ParOldGen       total 930304K, used 930153K [0x0000000080000000, 0x00000000b8c80000, 0x00000000d5580000)
  object space 930304K, 99% used [0x0000000080000000,0x00000000b8c5a580,0x00000000b8c80000)
 Metaspace       used 83810K, committed 85440K, reserved 1179648K
  class space    used 8547K, committed 9280K, reserved 1048576K
}
Event: 71698.085 GC heap after
{Heap after GC invocations=1179 (full 4):
 PSYoungGen      total 1536K, used 512K [0x00000000d5580000, 0x00000000d5900000, 0x0000000100000000)
  eden space 512K, 0% used [0x00000000d5580000,0x00000000d5580000,0x00000000d5600000)
  from space 1024K, 50% used [0x00000000d5700000,0x00000000d5780000,0x00000000d5800000)
  to   space 1024K, 0% used [0x00000000d5800000,0x00000000d5800000,0x00000000d5900000)
 ParOldGen       total 930816K, used 930602K [0x0000000080000000, 0x00000000b8d00000, 0x00000000d5580000)
  object space 930816K, 99% used [0x0000000080000000,0x00000000b8ccaa78,0x00000000b8d00000)
 Metaspace       used 83810K, committed 85440K, reserved 1179648K
  class space    used 8547K, committed 9280K, reserved 1048576K
}
Event: 71698.097 GC heap before
{Heap before GC invocations=1180 (full 4):
 PSYoungGen      total 1536K, used 1023K [0x00000000d5580000, 0x00000000d5900000, 0x0000000100000000)
  eden space 512K, 99% used [0x00000000d5580000,0x00000000d55ffff0,0x00000000d5600000)
  from space 1024K, 50% used [0x00000000d5700000,0x00000000d5780000,0x00000000d5800000)
  to   space 1024K, 0% used [0x00000000d5800000,0x00000000d5800000,0x00000000d5900000)
 ParOldGen       total 930816K, used 930602K [0x0000000080000000, 0x00000000b8d00000, 0x00000000d5580000)
  object space 930816K, 99% used [0x0000000080000000,0x00000000b8ccaa78,0x00000000b8d00000)
 Metaspace       used 83810K, committed 85440K, reserved 1179648K
  class space    used 8547K, committed 9280K, reserved 1048576K
}
Event: 71698.107 GC heap after
{Heap after GC invocations=1180 (full 4):
 PSYoungGen      total 1536K, used 512K [0x00000000d5580000, 0x00000000d5880000, 0x0000000100000000)
  eden space 1024K, 0% used [0x00000000d5580000,0x00000000d5580000,0x00000000d5680000)
  from space 512K, 100% used [0x00000000d5800000,0x00000000d5880000,0x00000000d5880000)
  to   space 1024K, 0% used [0x00000000d5680000,0x00000000d5680000,0x00000000d5780000)
 ParOldGen       total 931328K, used 931071K [0x0000000080000000, 0x00000000b8d80000, 0x00000000d5580000)
  object space 931328K, 99% used [0x0000000080000000,0x00000000b8d3fd10,0x00000000b8d80000)
 Metaspace       used 83810K, committed 85440K, reserved 1179648K
  class space    used 8547K, committed 9280K, reserved 1048576K
}
Event: 71698.121 GC heap before
{Heap before GC invocations=1181 (full 4):
 PSYoungGen      total 1536K, used 1536K [0x00000000d5580000, 0x00000000d5880000, 0x0000000100000000)
  eden space 1024K, 100% used [0x00000000d5580000,0x00000000d5680000,0x00000000d5680000)
  from space 512K, 100% used [0x00000000d5800000,0x00000000d5880000,0x00000000d5880000)
  to   space 1024K, 0% used [0x00000000d5680000,0x00000000d5680000,0x00000000d5780000)
 ParOldGen       total 931328K, used 931071K [0x0000000080000000, 0x00000000b8d80000, 0x00000000d5580000)
  object space 931328K, 99% used [0x0000000080000000,0x00000000b8d3fd10,0x00000000b8d80000)
 Metaspace       used 83810K, committed 85440K, reserved 1179648K
  class space    used 8547K, committed 9280K, reserved 1048576K
}
Event: 71698.126 GC heap after
{Heap after GC invocations=1181 (full 4):
 PSYoungGen      total 2048K, used 672K [0x00000000d5580000, 0x00000000d5900000, 0x0000000100000000)
  eden space 1024K, 0% used [0x00000000d5580000,0x00000000d5580000,0x00000000d5680000)
  from space 1024K, 65% used [0x00000000d5680000,0x00000000d5728000,0x00000000d5780000)
  to   space 1024K, 0% used [0x00000000d5800000,0x00000000d5800000,0x00000000d5900000)
 ParOldGen       total 931840K, used 931527K [0x0000000080000000, 0x00000000b8e00000, 0x00000000d5580000)
  object space 931840K, 99% used [0x0000000080000000,0x00000000b8db1d10,0x00000000b8e00000)
 Metaspace       used 83810K, committed 85440K, reserved 1179648K
  class space    used 8547K, committed 9280K, reserved 1048576K
}
Event: 71698.133 GC heap before
{Heap before GC invocations=1182 (full 4):
 PSYoungGen      total 2048K, used 1695K [0x00000000d5580000, 0x00000000d5900000, 0x0000000100000000)
  eden space 1024K, 99% used [0x00000000d5580000,0x00000000d567fff8,0x00000000d5680000)
  from space 1024K, 65% used [0x00000000d5680000,0x00000000d5728000,0x00000000d5780000)
  to   space 1024K, 0% used [0x00000000d5800000,0x00000000d5800000,0x00000000d5900000)
 ParOldGen       total 931840K, used 931527K [0x0000000080000000, 0x00000000b8e00000, 0x00000000d5580000)
  object space 931840K, 99% used [0x0000000080000000,0x00000000b8db1d10,0x00000000b8e00000)
 Metaspace       used 83810K, committed 85440K, reserved 1179648K
  class space    used 8547K, committed 9280K, reserved 1048576K
}
Event: 71698.136 GC heap after
{Heap after GC invocations=1182 (full 4):
 PSYoungGen      total 2560K, used 464K [0x00000000d5580000, 0x00000000d5900000, 0x0000000100000000)
  eden space 1536K, 0% used [0x00000000d5580000,0x00000000d5580000,0x00000000d5700000)
  from space 1024K, 45% used [0x00000000d5800000,0x00000000d5874010,0x00000000d5900000)
  to   space 1024K, 0% used [0x00000000d5700000,0x00000000d5700000,0x00000000d5800000)
 ParOldGen       total 932352K, used 932099K [0x0000000080000000, 0x00000000b8e80000, 0x00000000d5580000)
  object space 932352K, 99% used [0x0000000080000000,0x00000000b8e40d20,0x00000000b8e80000)
 Metaspace       used 83810K, committed 85440K, reserved 1179648K
  class space    used 8547K, committed 9280K, reserved 1048576K
}
Event: 71698.184 GC heap before
{Heap before GC invocations=1183 (full 4):
 PSYoungGen      total 2560K, used 2000K [0x00000000d5580000, 0x00000000d5900000, 0x0000000100000000)
  eden space 1536K, 100% used [0x00000000d5580000,0x00000000d5700000,0x00000000d5700000)
  from space 1024K, 45% used [0x00000000d5800000,0x00000000d5874010,0x00000000d5900000)
  to   space 1024K, 0% used [0x00000000d5700000,0x00000000d5700000,0x00000000d5800000)
 ParOldGen       total 932352K, used 932099K [0x0000000080000000, 0x00000000b8e80000, 0x00000000d5580000)
  object space 932352K, 99% used [0x0000000080000000,0x00000000b8e40d20,0x00000000b8e80000)
 Metaspace       used 83811K, committed 85440K, reserved 1179648K
  class space    used 8547K, committed 9280K, reserved 1048576K
}
Event: 71698.195 GC heap after
{Heap after GC invocations=1183 (full 4):
 PSYoungGen      total 2560K, used 1024K [0x00000000d5580000, 0x00000000d5a80000, 0x0000000100000000)
  eden space 1536K, 0% used [0x00000000d5580000,0x00000000d5580000,0x00000000d5700000)
  from space 1024K, 100% used [0x00000000d5700000,0x00000000d5800000,0x00000000d5800000)
  to   space 1536K, 0% used [0x00000000d5900000,0x00000000d5900000,0x00000000d5a80000)
 ParOldGen       total 932864K, used 932379K [0x0000000080000000, 0x00000000b8f00000, 0x00000000d5580000)
  object space 932864K, 99% used [0x0000000080000000,0x00000000b8e86d20,0x00000000b8f00000)
 Metaspace       used 83811K, committed 85440K, reserved 1179648K
  class space    used 8547K, committed 9280K, reserved 1048576K
}
Event: 71698.297 GC heap before
{Heap before GC invocations=1184 (full 4):
 PSYoungGen      total 2560K, used 2560K [0x00000000d5580000, 0x00000000d5a80000, 0x0000000100000000)
  eden space 1536K, 100% used [0x00000000d5580000,0x00000000d5700000,0x00000000d5700000)
  from space 1024K, 100% used [0x00000000d5700000,0x00000000d5800000,0x00000000d5800000)
  to   space 1536K, 0% used [0x00000000d5900000,0x00000000d5900000,0x00000000d5a80000)
 ParOldGen       total 932864K, used 932379K [0x0000000080000000, 0x00000000b8f00000, 0x00000000d5580000)
  object space 932864K, 99% used [0x0000000080000000,0x00000000b8e86d20,0x00000000b8f00000)
 Metaspace       used 83812K, committed 85440K, reserved 1179648K
  class space    used 8547K, committed 9280K, reserved 1048576K
}
Event: 71698.302 GC heap after
{Heap after GC invocations=1184 (full 4):
 PSYoungGen      total 3072K, used 1490K [0x00000000d5580000, 0x00000000d5b80000, 0x0000000100000000)
  eden space 1536K, 0% used [0x00000000d5580000,0x00000000d5580000,0x00000000d5700000)
  from space 1536K, 97% used [0x00000000d5900000,0x00000000d5a749f0,0x00000000d5a80000)
  to   space 2048K, 0% used [0x00000000d5700000,0x00000000d5700000,0x00000000d5900000)
 ParOldGen       total 933888K, used 933415K [0x0000000080000000, 0x00000000b9000000, 0x00000000d5580000)
  object space 933888K, 99% used [0x0000000080000000,0x00000000b8f89fb8,0x00000000b9000000)
 Metaspace       used 83812K, committed 85440K, reserved 1179648K
  class space    used 8547K, committed 9280K, reserved 1048576K
}
Event: 71698.309 GC heap before
{Heap before GC invocations=1185 (full 4):
 PSYoungGen      total 3072K, used 3026K [0x00000000d5580000, 0x00000000d5b80000, 0x0000000100000000)
  eden space 1536K, 100% used [0x00000000d5580000,0x00000000d5700000,0x00000000d5700000)
  from space 1536K, 97% used [0x00000000d5900000,0x00000000d5a749f0,0x00000000d5a80000)
  to   space 2048K, 0% used [0x00000000d5700000,0x00000000d5700000,0x00000000d5900000)
 ParOldGen       total 933888K, used 933415K [0x0000000080000000, 0x00000000b9000000, 0x00000000d5580000)
  object space 933888K, 99% used [0x0000000080000000,0x00000000b8f89fb8,0x00000000b9000000)
 Metaspace       used 83812K, committed 85440K, reserved 1179648K
  class space    used 8547K, committed 9280K, reserved 1048576K
}
Event: 71698.313 GC heap after
{Heap after GC invocations=1185 (full 4):
 PSYoungGen      total 3584K, used 1568K [0x00000000d5580000, 0x00000000d5b80000, 0x0000000100000000)
  eden space 1536K, 0% used [0x00000000d5580000,0x00000000d5580000,0x00000000d5700000)
  from space 2048K, 76% used [0x00000000d5700000,0x00000000d5888000,0x00000000d5900000)
  to   space 2048K, 0% used [0x00000000d5980000,0x00000000d5980000,0x00000000d5b80000)
 ParOldGen       total 934912K, used 934842K [0x0000000080000000, 0x00000000b9100000, 0x00000000d5580000)
  object space 934912K, 99% used [0x0000000080000000,0x00000000b90ee9a8,0x00000000b9100000)
 Metaspace       used 83812K, committed 85440K, reserved 1179648K
  class space    used 8547K, committed 9280K, reserved 1048576K
}

Dll operation events (12 events):
Event: 0.036 Loaded shared library c:\Users\quint_ql99put\.vscode\extensions\redhat.java-1.55.0-win32-x64\jre\21.0.11-win32-x86_64\bin\java.dll
Event: 1.190 Loaded shared library c:\Users\quint_ql99put\.vscode\extensions\redhat.java-1.55.0-win32-x64\jre\21.0.11-win32-x86_64\bin\zip.dll
Event: 1.455 Loaded shared library C:\Users\quint_ql99put\.vscode\extensions\redhat.java-1.55.0-win32-x64\jre\21.0.11-win32-x86_64\bin\instrument.dll
Event: 1.485 Loaded shared library C:\Users\quint_ql99put\.vscode\extensions\redhat.java-1.55.0-win32-x64\jre\21.0.11-win32-x86_64\bin\net.dll
Event: 1.499 Loaded shared library C:\Users\quint_ql99put\.vscode\extensions\redhat.java-1.55.0-win32-x64\jre\21.0.11-win32-x86_64\bin\nio.dll
Event: 1.508 Loaded shared library C:\Users\quint_ql99put\.vscode\extensions\redhat.java-1.55.0-win32-x64\jre\21.0.11-win32-x86_64\bin\zip.dll
Event: 1.763 Loaded shared library C:\Users\quint_ql99put\.vscode\extensions\redhat.java-1.55.0-win32-x64\jre\21.0.11-win32-x86_64\bin\jimage.dll
Event: 2.410 Loaded shared library c:\Users\quint_ql99put\.vscode\extensions\redhat.java-1.55.0-win32-x64\jre\21.0.11-win32-x86_64\bin\verify.dll
Event: 26.318 Loaded shared library C:\Users\quint_ql99put\AppData\Roaming\Code\User\globalStorage\redhat.java\1.55.0\config_win\org.eclipse.equinox.launcher\org.eclipse.equinox.launcher.win32.win32.x86_64_1.3.100.v20260613-0559\eclipse_11924.dll
Event: 37.315 Loaded shared library C:\Users\quint_ql99put\AppData\Local\Temp\jna--1507936832\jna3925161776102118266.dll
Event: 70422.816 Loaded shared library C:\Users\quint_ql99put\.vscode\extensions\redhat.java-1.55.0-win32-x64\jre\21.0.11-win32-x86_64\bin\sunmscapi.dll
Event: 70427.133 Loaded shared library C:\Users\quint_ql99put\.vscode\extensions\redhat.java-1.55.0-win32-x64\jre\21.0.11-win32-x86_64\bin\extnet.dll

Deoptimization events (20 events):
Event: 71507.399 Thread 0x00000163e4336970 DEOPT PACKING pc=0x00000163d12ad960 sp=0x0000001a1bcfde40
Event: 71507.400 Thread 0x00000163e4336970 DEOPT UNPACKING pc=0x00000163d00b3aa2 sp=0x0000001a1bcfddf0 mode 2
Event: 71522.040 Thread 0x00000163e4336970 Uncommon trap: trap_request=0xffffff45 fr.pc=0x00000163d17fb1b8 relative=0x0000000000000338
Event: 71522.040 Thread 0x00000163e4336970 Uncommon trap: reason=unstable_if action=reinterpret pc=0x00000163d17fb1b8 method=org.eclipse.jdt.internal.compiler.problem.ProblemReporter.computeSeverity(I)I @ 1 c2
Event: 71522.040 Thread 0x00000163e4336970 DEOPT PACKING pc=0x00000163d17fb1b8 sp=0x0000001a1bcfe260
Event: 71522.042 Thread 0x00000163e4336970 DEOPT UNPACKING pc=0x00000163d00b3aa2 sp=0x0000001a1bcfe1e8 mode 2
Event: 71542.406 Thread 0x00000163e2661180 DEOPT PACKING pc=0x00000163c934b6f9 sp=0x0000001a1b8fe750
Event: 71542.407 Thread 0x00000163e2661180 DEOPT UNPACKING pc=0x00000163d00b4242 sp=0x0000001a1b8fdda0 mode 0
Event: 71542.496 Thread 0x00000163e2661180 DEOPT PACKING pc=0x00000163c934b6f9 sp=0x0000001a1b8fe750
Event: 71542.498 Thread 0x00000163e2661180 DEOPT UNPACKING pc=0x00000163d00b4242 sp=0x0000001a1b8fdda0 mode 0
Event: 71545.071 Thread 0x00000163e4336970 Uncommon trap: trap_request=0xffffff45 fr.pc=0x00000163d113c964 relative=0x00000000000001a4
Event: 71545.072 Thread 0x00000163e4336970 Uncommon trap: reason=unstable_if action=reinterpret pc=0x00000163d113c964 method=org.eclipse.jdt.internal.compiler.parser.Scanner.resetTo(IIZLorg/eclipse/jdt/internal/compiler/parser/Scanner$ScanContext;)V @ 33 c2
Event: 71545.072 Thread 0x00000163e4336970 DEOPT PACKING pc=0x00000163d113c964 sp=0x0000001a1bcfede0
Event: 71545.073 Thread 0x00000163e4336970 DEOPT UNPACKING pc=0x00000163d00b3aa2 sp=0x0000001a1bcfece8 mode 2
Event: 71561.854 Thread 0x00000163e2660af0 DEOPT PACKING pc=0x00000163cb65bed1 sp=0x0000001a19afe510
Event: 71561.857 Thread 0x00000163e2660af0 DEOPT UNPACKING pc=0x00000163d00b4242 sp=0x0000001a19afd9e0 mode 0
Event: 71561.954 Thread 0x00000163e43348a0 Uncommon trap: trap_request=0xffffff6e fr.pc=0x00000163d1832840 relative=0x0000000000001760
Event: 71561.954 Thread 0x00000163e43348a0 Uncommon trap: reason=loop_limit_check action=maybe_recompile pc=0x00000163d1832840 method=org.eclipse.jdt.internal.compiler.lookup.BinaryTypeBinding.getMethods([C)[Lorg/eclipse/jdt/internal/compiler/lookup/MethodBinding; @ 227 c2
Event: 71561.954 Thread 0x00000163e43348a0 DEOPT PACKING pc=0x00000163d1832840 sp=0x0000001a1bbfe700
Event: 71561.954 Thread 0x00000163e43348a0 DEOPT UNPACKING pc=0x00000163d00b3aa2 sp=0x0000001a1bbfe538 mode 2

Classes loaded (20 events):
Event: 70429.134 Loading class sun/net/www/http/KeepAliveCache$1
Event: 70429.135 Loading class sun/net/www/http/KeepAliveCache$1 done
Event: 70429.136 Loading class sun/net/www/http/KeepAliveCache$ClientVector
Event: 70429.138 Loading class sun/net/www/http/KeepAliveCache$ClientVector done
Event: 70429.152 Loading class sun/net/www/http/KeepAliveEntry
Event: 70429.153 Loading class sun/net/www/http/KeepAliveEntry done
Event: 70439.159 Loading class sun/security/ssl/Alert
Event: 70439.172 Loading class sun/security/ssl/Alert done
Event: 70439.184 Loading class sun/security/ssl/Alert$AlertConsumer
Event: 70439.188 Loading class sun/security/ssl/Alert$AlertConsumer done
Event: 70439.189 Loading class sun/security/ssl/Alert$Level
Event: 70439.189 Loading class sun/security/ssl/Alert$Level done
Event: 70923.842 Loading class java/util/stream/ReduceOps$5
Event: 70923.860 Loading class java/util/stream/ReduceOps$5 done
Event: 70923.862 Loading class java/util/stream/ReduceOps$CountingSink$OfRef
Event: 70923.874 Loading class java/util/stream/ReduceOps$CountingSink
Event: 70923.892 Loading class java/util/stream/ReduceOps$CountingSink done
Event: 70923.893 Loading class java/util/stream/ReduceOps$CountingSink$OfRef done
Event: 71115.439 Loading class sun/nio/fs/WindowsFileCopy
Event: 71115.590 Loading class sun/nio/fs/WindowsFileCopy done

Classes unloaded (20 events):
Event: 70280.008 Thread 0x00000163c59dab50 Unloading class 0x0000016381017400 'java/lang/invoke/LambdaForm$MH+0x0000016381017400'
Event: 70280.008 Thread 0x00000163c59dab50 Unloading class 0x0000016381016400 'java/lang/invoke/LambdaForm$MH+0x0000016381016400'
Event: 70280.008 Thread 0x00000163c59dab50 Unloading class 0x000001638100d800 'java/lang/invoke/LambdaForm$MH+0x000001638100d800'
Event: 70280.008 Thread 0x00000163c59dab50 Unloading class 0x000001638100d400 'java/lang/invoke/LambdaForm$MH+0x000001638100d400'
Event: 70280.008 Thread 0x00000163c59dab50 Unloading class 0x000001638100d000 'java/lang/invoke/LambdaForm$MH+0x000001638100d000'
Event: 70280.008 Thread 0x00000163c59dab50 Unloading class 0x000001638100cc00 'java/lang/invoke/LambdaForm$MH+0x000001638100cc00'
Event: 70280.008 Thread 0x00000163c59dab50 Unloading class 0x000001638100c800 'java/lang/invoke/LambdaForm$BMH+0x000001638100c800'
Event: 70280.008 Thread 0x00000163c59dab50 Unloading class 0x000001638100c000 'java/lang/invoke/LambdaForm$DMH+0x000001638100c000'
Event: 70280.008 Thread 0x00000163c59dab50 Unloading class 0x0000016381008c00 'java/lang/invoke/LambdaForm$MH+0x0000016381008c00'
Event: 70280.008 Thread 0x00000163c59dab50 Unloading class 0x0000016381008800 'java/lang/invoke/LambdaForm$MH+0x0000016381008800'
Event: 70280.008 Thread 0x00000163c59dab50 Unloading class 0x0000016381008400 'java/lang/invoke/LambdaForm$MH+0x0000016381008400'
Event: 70280.009 Thread 0x00000163c59dab50 Unloading class 0x0000016381007000 'java/lang/invoke/LambdaForm$MH+0x0000016381007000'
Event: 70280.009 Thread 0x00000163c59dab50 Unloading class 0x0000016381006800 'java/lang/invoke/LambdaForm$MH+0x0000016381006800'
Event: 70280.009 Thread 0x00000163c59dab50 Unloading class 0x0000016381006400 'java/lang/invoke/LambdaForm$MH+0x0000016381006400'
Event: 70280.009 Thread 0x00000163c59dab50 Unloading class 0x0000016381006000 'java/lang/invoke/LambdaForm$MH+0x0000016381006000'
Event: 70280.009 Thread 0x00000163c59dab50 Unloading class 0x0000016381005c00 'java/lang/invoke/LambdaForm$BMH+0x0000016381005c00'
Event: 70280.009 Thread 0x00000163c59dab50 Unloading class 0x0000016381004800 'java/lang/invoke/LambdaForm$DMH+0x0000016381004800'
Event: 70280.009 Thread 0x00000163c59dab50 Unloading class 0x0000016381002400 'java/lang/invoke/LambdaForm$MH+0x0000016381002400'
Event: 70280.009 Thread 0x00000163c59dab50 Unloading class 0x0000016381002000 'java/lang/invoke/LambdaForm$MH+0x0000016381002000'
Event: 70280.009 Thread 0x00000163c59dab50 Unloading class 0x0000016381001800 'java/lang/invoke/LambdaForm$MH+0x0000016381001800'

Classes redefined (0 events):
No events

Internal exceptions (20 events):
Event: 70473.555 Thread 0x00000163e265f0b0 Exception <a 'java/lang/ArrayIndexOutOfBoundsException'{0x00000000d5a83820}> (0x00000000d5a83820) 
thrown [s\src\hotspot\share\runtime\sharedRuntime.cpp, line 625]
Event: 70473.555 Thread 0x00000163e265f0b0 Exception <a 'java/lang/ArrayIndexOutOfBoundsException'{0x00000000d5a84bf0}> (0x00000000d5a84bf0) 
thrown [s\src\hotspot\share\runtime\sharedRuntime.cpp, line 625]
Event: 70473.555 Thread 0x00000163e265f0b0 Exception <a 'java/lang/ArrayIndexOutOfBoundsException'{0x00000000d5a84f98}> (0x00000000d5a84f98) 
thrown [s\src\hotspot\share\runtime\sharedRuntime.cpp, line 625]
Event: 70473.555 Thread 0x00000163e265f0b0 Exception <a 'java/lang/ArrayIndexOutOfBoundsException'{0x00000000d5a852c0}> (0x00000000d5a852c0) 
thrown [s\src\hotspot\share\runtime\sharedRuntime.cpp, line 625]
Event: 70473.885 Thread 0x00000163e265f0b0 Exception <a 'java/lang/ArrayIndexOutOfBoundsException'{0x00000000d5915ef0}> (0x00000000d5915ef0) 
thrown [s\src\hotspot\share\runtime\sharedRuntime.cpp, line 625]
Event: 70473.886 Thread 0x00000163e265f0b0 Exception <a 'java/lang/ArrayIndexOutOfBoundsException'{0x00000000d59172e0}> (0x00000000d59172e0) 
thrown [s\src\hotspot\share\runtime\sharedRuntime.cpp, line 625]
Event: 70473.886 Thread 0x00000163e265f0b0 Exception <a 'java/lang/ArrayIndexOutOfBoundsException'{0x00000000d5917688}> (0x00000000d5917688) 
thrown [s\src\hotspot\share\runtime\sharedRuntime.cpp, line 625]
Event: 70473.886 Thread 0x00000163e265f0b0 Exception <a 'java/lang/ArrayIndexOutOfBoundsException'{0x00000000d59179b0}> (0x00000000d59179b0) 
thrown [s\src\hotspot\share\runtime\sharedRuntime.cpp, line 625]
Event: 70473.896 Thread 0x00000163e265f0b0 Exception <a 'java/lang/ArrayIndexOutOfBoundsException'{0x00000000d5a33850}> (0x00000000d5a33850) 
thrown [s\src\hotspot\share\runtime\sharedRuntime.cpp, line 625]
Event: 70473.896 Thread 0x00000163e265f0b0 Exception <a 'java/lang/ArrayIndexOutOfBoundsException'{0x00000000d5a34c20}> (0x00000000d5a34c20) 
thrown [s\src\hotspot\share\runtime\sharedRuntime.cpp, line 625]
Event: 70473.896 Thread 0x00000163e265f0b0 Exception <a 'java/lang/ArrayIndexOutOfBoundsException'{0x00000000d5a34fc8}> (0x00000000d5a34fc8) 
thrown [s\src\hotspot\share\runtime\sharedRuntime.cpp, line 625]
Event: 70473.896 Thread 0x00000163e265f0b0 Exception <a 'java/lang/ArrayIndexOutOfBoundsException'{0x00000000d5a352f0}> (0x00000000d5a352f0) 
thrown [s\src\hotspot\share\runtime\sharedRuntime.cpp, line 625]
Event: 70753.673 Thread 0x00000163e366e470 Implicit null exception at 0x00000163d1191d25 to 0x00000163d1192104
Event: 70922.818 Thread 0x00000163e366e470 Exception <a 'java/lang/IncompatibleClassChangeError'{0x00000000d55d8650}: Found class java.lang.Object, but interface was expected> (0x00000000d55d8650) 
thrown [s\src\hotspot\share\interpreter\linkResolver.cpp, line 840]
Event: 70922.827 Thread 0x00000163e366e470 Exception <a 'java/lang/IncompatibleClassChangeError'{0x00000000d55da5a0}: Found class java.lang.Object, but interface was expected> (0x00000000d55da5a0) 
thrown [s\src\hotspot\share\interpreter\linkResolver.cpp, line 840]
Event: 71115.082 Thread 0x00000163e366ca30 Implicit null exception at 0x00000163d0c32296 to 0x00000163d0c346c4
Event: 71115.601 Thread 0x00000163e366ca30 Exception <a 'sun/nio/fs/WindowsException'{0x00000000d5b96320}> (0x00000000d5b96320) 
thrown [s\src\hotspot\share\prims\jni.cpp, line 520]
Event: 71117.365 Thread 0x00000163e366ca30 Exception <a 'sun/nio/fs/WindowsException'{0x00000000d5930318}> (0x00000000d5930318) 
thrown [s\src\hotspot\share\prims\jni.cpp, line 520]
Event: 71117.416 Thread 0x00000163e366ca30 Implicit null exception at 0x00000163d0c05c62 to 0x00000163d0c0609c
Event: 71117.448 Thread 0x00000163e366ca30 Implicit null exception at 0x00000163d112d8e4 to 0x00000163d112e480

ZGC Phase Switch (0 events):
No events

VM Operations (20 events):
Event: 71698.063 Executing safepoint VM operation: ParallelGCFailedAllocation (Allocation Failure)
Event: 71698.069 Executing safepoint VM operation: ParallelGCFailedAllocation (Allocation Failure) done
Event: 71698.080 Executing safepoint VM operation: ParallelGCFailedAllocation (Allocation Failure)
Event: 71698.085 Executing safepoint VM operation: ParallelGCFailedAllocation (Allocation Failure) done
Event: 71698.096 Executing safepoint VM operation: ParallelGCFailedAllocation (Allocation Failure)
Event: 71698.107 Executing safepoint VM operation: ParallelGCFailedAllocation (Allocation Failure) done
Event: 71698.121 Executing safepoint VM operation: ParallelGCFailedAllocation (Allocation Failure)
Event: 71698.126 Executing safepoint VM operation: ParallelGCFailedAllocation (Allocation Failure) done
Event: 71698.132 Executing safepoint VM operation: ParallelGCFailedAllocation (Allocation Failure)
Event: 71698.136 Executing safepoint VM operation: ParallelGCFailedAllocation (Allocation Failure) done
Event: 71698.172 Executing safepoint VM operation: ParallelGCFailedAllocation (Allocation Failure)
Event: 71698.195 Executing safepoint VM operation: ParallelGCFailedAllocation (Allocation Failure) done
Event: 71698.296 Executing safepoint VM operation: ParallelGCFailedAllocation (Allocation Failure)
Event: 71698.302 Executing safepoint VM operation: ParallelGCFailedAllocation (Allocation Failure) done
Event: 71698.308 Executing safepoint VM operation: ParallelGCFailedAllocation (Allocation Failure)
Event: 71698.313 Executing safepoint VM operation: ParallelGCFailedAllocation (Allocation Failure) done
Event: 71732.691 Executing non-safepoint VM operation: HandshakeAllThreads (HandshakeForDeflation)
Event: 71732.744 Executing non-safepoint VM operation: HandshakeAllThreads (HandshakeForDeflation) done
Event: 71732.746 Executing non-safepoint VM operation: RendezvousGCThreads
Event: 71732.749 Executing non-safepoint VM operation: RendezvousGCThreads done

Memory protections (0 events):
No events

Nmethod flushes (20 events):
Event: 70282.895 Thread 0x00000163c59dab50 flushing  nmethod 0x00000163c9824890
Event: 70282.895 Thread 0x00000163c59dab50 flushing  nmethod 0x00000163c9843f10
Event: 70282.896 Thread 0x00000163c59dab50 flushing  nmethod 0x00000163c9847c10
Event: 70282.896 Thread 0x00000163c59dab50 flushing  nmethod 0x00000163c9848290
Event: 70282.896 Thread 0x00000163c59dab50 flushing  nmethod 0x00000163c9848710
Event: 70282.897 Thread 0x00000163c59dab50 flushing  nmethod 0x00000163c9849910
Event: 70282.897 Thread 0x00000163c59dab50 flushing  nmethod 0x00000163c985e090
Event: 70282.897 Thread 0x00000163c59dab50 flushing  nmethod 0x00000163c9905990
Event: 70282.897 Thread 0x00000163c59dab50 flushing  nmethod 0x00000163c9906e90
Event: 70282.897 Thread 0x00000163c59dab50 flushing  nmethod 0x00000163c990ad90
Event: 70282.897 Thread 0x00000163c59dab50 flushing  nmethod 0x00000163c992c990
Event: 70282.897 Thread 0x00000163c59dab50 flushing  nmethod 0x00000163c9937590
Event: 70282.898 Thread 0x00000163c59dab50 flushing  nmethod 0x00000163c9945810
Event: 70282.898 Thread 0x00000163c59dab50 flushing  nmethod 0x00000163c99a7090
Event: 70282.898 Thread 0x00000163c59dab50 flushing  nmethod 0x00000163c99ad490
Event: 70282.898 Thread 0x00000163c59dab50 flushing  nmethod 0x00000163c99b4790
Event: 70282.898 Thread 0x00000163c59dab50 flushing osr nmethod 0x00000163c99ba110
Event: 70282.899 Thread 0x00000163c59dab50 flushing  nmethod 0x00000163c9a6d410
Event: 70282.899 Thread 0x00000163c59dab50 flushing  nmethod 0x00000163c9a7af90
Event: 70282.899 Thread 0x00000163c59dab50 flushing  nmethod 0x00000163c9a7b490

Events (20 events):
Event: 71153.654 Thread 0x00000163e366f820 Thread exited: 0x00000163e366f820
Event: 71177.163 Thread 0x00000163e43383b0 Thread exited: 0x00000163e43383b0
Event: 71228.239 Thread 0x00000163e2661180 Thread added: 0x00000163e4338a40
Event: 71308.201 Thread 0x00000163e4337d20 Thread exited: 0x00000163e4337d20
Event: 71406.407 Thread 0x00000163e43362e0 Thread exited: 0x00000163e43362e0
Event: 71409.929 Thread 0x00000163e366e470 Thread added: 0x00000163e4337d20
Event: 71415.487 Thread 0x00000163e4335c50 Thread added: 0x00000163e43383b0
Event: 71415.503 Thread 0x00000163e43383b0 Thread exited: 0x00000163e43383b0
Event: 71415.541 Thread 0x00000163e4335c50 Thread added: 0x00000163e43383b0
Event: 71415.547 Thread 0x00000163e43383b0 Thread added: 0x00000163e43355c0
Event: 71415.550 Thread 0x00000163e43383b0 Thread added: 0x00000163e43390d0
Event: 71415.556 Thread 0x00000163e43383b0 Thread exited: 0x00000163e43383b0
Event: 71415.556 Thread 0x00000163e43390d0 Thread exited: 0x00000163e43390d0
Event: 71415.556 Thread 0x00000163e43355c0 Thread exited: 0x00000163e43355c0
Event: 71415.646 Thread 0x00000163e4337690 Thread exited: 0x00000163e4337690
Event: 71500.897 Thread 0x00000163e2660af0 Thread added: 0x00000163e43383b0
Event: 71623.218 Thread 0x00000163e2660af0 Thread exited: 0x00000163e2660af0
Event: 71661.363 Thread 0x00000163e4337d20 Thread exited: 0x00000163e4337d20
Event: 71698.061 Thread 0x00000163e4336970 Thread added: 0x00000163e43362e0
Event: 71758.608 Thread 0x00000163e4336970 Thread exited: 0x00000163e4336970


Dynamic libraries:
0x00007ff77e100000 - 0x00007ff77e10e000 	c:\Users\quint_ql99put\.vscode\extensions\redhat.java-1.55.0-win32-x64\jre\21.0.11-win32-x86_64\bin\java.exe
0x00007ffe8a800000 - 0x00007ffe8aa66000 	C:\WINDOWS\SYSTEM32\ntdll.dll
0x00007ffe89c10000 - 0x00007ffe89cd9000 	C:\WINDOWS\System32\KERNEL32.DLL
0x00007ffe87c60000 - 0x00007ffe8805f000 	C:\WINDOWS\System32\KERNELBASE.dll
0x00007ffe83f70000 - 0x00007ffe8400f000 	C:\WINDOWS\SYSTEM32\apphelp.dll
0x00007ffe88070000 - 0x00007ffe881bc000 	C:\WINDOWS\System32\ucrtbase.dll
0x00007ffe6cde0000 - 0x00007ffe6cdf8000 	c:\Users\quint_ql99put\.vscode\extensions\redhat.java-1.55.0-win32-x64\jre\21.0.11-win32-x86_64\bin\jli.dll
0x00007ffe89400000 - 0x00007ffe895c6000 	C:\WINDOWS\System32\USER32.dll
0x00007ffe88260000 - 0x00007ffe88287000 	C:\WINDOWS\System32\win32u.dll
0x00007ffe89310000 - 0x00007ffe8933b000 	C:\WINDOWS\System32\GDI32.dll
0x00007ffe88340000 - 0x00007ffe88469000 	C:\WINDOWS\System32\gdi32full.dll
0x00007ffe88290000 - 0x00007ffe88333000 	C:\WINDOWS\System32\msvcp_win.dll
0x00007ffe6cdc0000 - 0x00007ffe6cdde000 	c:\Users\quint_ql99put\.vscode\extensions\redhat.java-1.55.0-win32-x64\jre\21.0.11-win32-x86_64\bin\VCRUNTIME140.dll
0x00007ffe64d50000 - 0x00007ffe64fe1000 	C:\WINDOWS\WinSxS\amd64_microsoft.windows.common-controls_6595b64144ccf1df_6.0.26100.8972_none_3e0da176e32f9d4b\COMCTL32.dll
0x00007ffe89b60000 - 0x00007ffe89c09000 	C:\WINDOWS\System32\msvcrt.dll
0x00007ffe88cc0000 - 0x00007ffe88cf2000 	C:\WINDOWS\System32\IMM32.DLL
0x00007ffe83e50000 - 0x00007ffe83e5c000 	c:\Users\quint_ql99put\.vscode\extensions\redhat.java-1.55.0-win32-x64\jre\21.0.11-win32-x86_64\bin\vcruntime140_1.dll
0x00007ffe37000000 - 0x00007ffe3708d000 	c:\Users\quint_ql99put\.vscode\extensions\redhat.java-1.55.0-win32-x64\jre\21.0.11-win32-x86_64\bin\msvcp140.dll
0x00007ffdf3850000 - 0x00007ffdf45f2000 	c:\Users\quint_ql99put\.vscode\extensions\redhat.java-1.55.0-win32-x64\jre\21.0.11-win32-x86_64\bin\server\jvm.dll
0x00007ffe8a200000 - 0x00007ffe8a2bc000 	C:\WINDOWS\System32\ADVAPI32.dll
0x00007ffe891d0000 - 0x00007ffe8927a000 	C:\WINDOWS\System32\sechost.dll
0x00007ffe8a0b0000 - 0x00007ffe8a1c8000 	C:\WINDOWS\System32\RPCRT4.dll
0x00007ffe89280000 - 0x00007ffe89302000 	C:\WINDOWS\System32\WS2_32.dll
0x00007ffe87870000 - 0x00007ffe878ce000 	C:\WINDOWS\SYSTEM32\POWRPROF.dll
0x00007ffe84310000 - 0x00007ffe84346000 	C:\WINDOWS\SYSTEM32\WINMM.dll
0x00007ffe702f0000 - 0x00007ffe702fb000 	C:\WINDOWS\SYSTEM32\VERSION.dll
0x00007ffe87850000 - 0x00007ffe87865000 	C:\WINDOWS\SYSTEM32\UMPDC.dll
0x00007ffe86700000 - 0x00007ffe8671b000 	C:\WINDOWS\SYSTEM32\kernel.appcore.dll
0x00007ffe76680000 - 0x00007ffe7668a000 	c:\Users\quint_ql99put\.vscode\extensions\redhat.java-1.55.0-win32-x64\jre\21.0.11-win32-x86_64\bin\jimage.dll
0x00007ffe84e10000 - 0x00007ffe85052000 	C:\WINDOWS\SYSTEM32\DBGHELP.DLL
0x00007ffe89ce0000 - 0x00007ffe8a065000 	C:\WINDOWS\System32\combase.dll
0x00007ffe88e90000 - 0x00007ffe88f69000 	C:\WINDOWS\System32\OLEAUT32.dll
0x00007ffe63680000 - 0x00007ffe636bb000 	C:\WINDOWS\SYSTEM32\dbgcore.DLL
0x00007ffe87a10000 - 0x00007ffe87abc000 	C:\WINDOWS\System32\bcryptPrimitives.dll
0x00007ffe759e0000 - 0x00007ffe759ef000 	c:\Users\quint_ql99put\.vscode\extensions\redhat.java-1.55.0-win32-x64\jre\21.0.11-win32-x86_64\bin\instrument.dll
0x00007ffe53ca0000 - 0x00007ffe53cc0000 	c:\Users\quint_ql99put\.vscode\extensions\redhat.java-1.55.0-win32-x64\jre\21.0.11-win32-x86_64\bin\java.dll
0x00007ffe88530000 - 0x00007ffe88cb8000 	C:\WINDOWS\System32\SHELL32.dll
0x00007ffe854c0000 - 0x00007ffe85d5b000 	C:\WINDOWS\SYSTEM32\windows.storage.dll
0x00007ffe890d0000 - 0x00007ffe891c9000 	C:\WINDOWS\System32\SHCORE.dll
0x00007ffe89060000 - 0x00007ffe890c6000 	C:\WINDOWS\System32\shlwapi.dll
0x00007ffe87930000 - 0x00007ffe87959000 	C:\WINDOWS\SYSTEM32\profapi.dll
0x00007ffe53c80000 - 0x00007ffe53c98000 	c:\Users\quint_ql99put\.vscode\extensions\redhat.java-1.55.0-win32-x64\jre\21.0.11-win32-x86_64\bin\zip.dll
0x00007ffe75870000 - 0x00007ffe75880000 	C:\Users\quint_ql99put\.vscode\extensions\redhat.java-1.55.0-win32-x64\jre\21.0.11-win32-x86_64\bin\net.dll
0x00007ffe75c70000 - 0x00007ffe75d98000 	C:\WINDOWS\SYSTEM32\WINHTTP.dll
0x00007ffe86cb0000 - 0x00007ffe86d1c000 	C:\WINDOWS\system32\mswsock.dll
0x00007ffe53c60000 - 0x00007ffe53c76000 	C:\Users\quint_ql99put\.vscode\extensions\redhat.java-1.55.0-win32-x64\jre\21.0.11-win32-x86_64\bin\nio.dll
0x00007ffe757d0000 - 0x00007ffe757e0000 	c:\Users\quint_ql99put\.vscode\extensions\redhat.java-1.55.0-win32-x64\jre\21.0.11-win32-x86_64\bin\verify.dll
0x00007ffe36dc0000 - 0x00007ffe36e05000 	C:\Users\quint_ql99put\AppData\Roaming\Code\User\globalStorage\redhat.java\1.55.0\config_win\org.eclipse.equinox.launcher\org.eclipse.equinox.launcher.win32.win32.x86_64_1.3.100.v20260613-0559\eclipse_11924.dll
0x00007ffe8a620000 - 0x00007ffe8a7b9000 	C:\WINDOWS\System32\ole32.dll
0x00007ffe86fa0000 - 0x00007ffe86fbb000 	C:\WINDOWS\SYSTEM32\CRYPTSP.dll
0x00007ffe86660000 - 0x00007ffe86699000 	C:\WINDOWS\system32\rsaenh.dll
0x00007ffe86d60000 - 0x00007ffe86d92000 	C:\WINDOWS\SYSTEM32\USERENV.dll
0x00007ffe87900000 - 0x00007ffe8792a000 	C:\WINDOWS\SYSTEM32\bcrypt.dll
0x00007ffe86fc0000 - 0x00007ffe86fcc000 	C:\WINDOWS\SYSTEM32\CRYPTBASE.dll
0x00007ffe86160000 - 0x00007ffe86193000 	C:\WINDOWS\SYSTEM32\IPHLPAPI.DLL
0x00007ffe8a080000 - 0x00007ffe8a08a000 	C:\WINDOWS\System32\NSI.dll
0x00007ffe37240000 - 0x00007ffe37289000 	C:\Users\quint_ql99put\AppData\Local\Temp\jna--1507936832\jna3925161776102118266.dll
0x00007ffe88fd0000 - 0x00007ffe88fd8000 	C:\WINDOWS\System32\PSAPI.DLL
0x00007ffe775a0000 - 0x00007ffe775bd000 	C:\WINDOWS\SYSTEM32\dhcpcsvc6.DLL
0x00007ffe77570000 - 0x00007ffe77595000 	C:\WINDOWS\SYSTEM32\dhcpcsvc.DLL
0x00007ffe76aa0000 - 0x00007ffe76aae000 	C:\Users\quint_ql99put\.vscode\extensions\redhat.java-1.55.0-win32-x64\jre\21.0.11-win32-x86_64\bin\sunmscapi.dll
0x00007ffe87ad0000 - 0x00007ffe87c4e000 	C:\WINDOWS\System32\CRYPT32.dll
0x00007ffe871e0000 - 0x00007ffe87210000 	C:\WINDOWS\SYSTEM32\ncrypt.dll
0x00007ffe87190000 - 0x00007ffe871cf000 	C:\WINDOWS\SYSTEM32\NTASN1.dll
0x00007ffe86240000 - 0x00007ffe86398000 	C:\WINDOWS\SYSTEM32\DNSAPI.dll
0x00007ffe86ab0000 - 0x00007ffe86abd000 	C:\WINDOWS\SYSTEM32\DSPARSE.dll
0x00007ffe754e0000 - 0x00007ffe754eb000 	C:\Windows\System32\rasadhlp.dll
0x00007ffe7be10000 - 0x00007ffe7be96000 	C:\WINDOWS\System32\fwpuclnt.dll
0x00007ffe75b60000 - 0x00007ffe75b69000 	C:\Users\quint_ql99put\.vscode\extensions\redhat.java-1.55.0-win32-x64\jre\21.0.11-win32-x86_64\bin\extnet.dll

JVMTI agents:
c:\Users\quint_ql99put\.vscode\extensions\redhat.java-1.55.0-win32-x64\lombok\lombok-1.18.39-4050.jar path:c:\Users\quint_ql99put\.vscode\extensions\redhat.java-1.55.0-win32-x64\jre\21.0.11-win32-x86_64\bin\instrument.dll, loaded, initialized, instrumentlib options:none

dbghelp: loaded successfully - version: 4.0.5 - missing functions: none
symbol engine: initialized successfully - sym options: 0x614 - pdb path: .;c:\Users\quint_ql99put\.vscode\extensions\redhat.java-1.55.0-win32-x64\jre\21.0.11-win32-x86_64\bin;C:\WINDOWS\SYSTEM32;C:\WINDOWS\WinSxS\amd64_microsoft.windows.common-controls_6595b64144ccf1df_6.0.26100.8972_none_3e0da176e32f9d4b;c:\Users\quint_ql99put\.vscode\extensions\redhat.java-1.55.0-win32-x64\jre\21.0.11-win32-x86_64\bin\server;C:\Users\quint_ql99put\AppData\Roaming\Code\User\globalStorage\redhat.java\1.55.0\config_win\org.eclipse.equinox.launcher\org.eclipse.equinox.launcher.win32.win32.x86_64_1.3.100.v20260613-0559;C:\Users\quint_ql99put\AppData\Local\Temp\jna--1507936832

VM Arguments:
jvm_args: --add-modules=ALL-SYSTEM --add-opens=java.base/java.util=ALL-UNNAMED --add-opens=java.base/java.lang=ALL-UNNAMED --add-opens=java.base/sun.nio.fs=ALL-UNNAMED -Declipse.application=org.eclipse.jdt.ls.core.id1 -Dosgi.bundles.defaultStartLevel=4 -Declipse.product=org.eclipse.jdt.ls.core.product -Djava.import.generatesMetadataFilesAtProjectRoot=false -DDetectVMInstallationsJob.disabled=true -Dfile.encoding=utf8 -XX:+UseParallelGC -XX:GCTimeRatio=4 -XX:AdaptiveSizePolicyWeight=90 -Dsun.zip.disableMemoryMapping=true -Xmx2G -Xms100m -Xlog:disable -javaagent:c:\Users\quint_ql99put\.vscode\extensions\redhat.java-1.55.0-win32-x64\lombok\lombok-1.18.39-4050.jar -XX:+HeapDumpOnOutOfMemoryError -XX:HeapDumpPath=c:\Users\quint_ql99put\AppData\Roaming\Code\User\workspaceStorage\e807a73fa681daab4bd5bc834418a9a6\redhat.java -Daether.dependencyCollector.impl=bf 
java_command: c:\Users\quint_ql99put\.vscode\extensions\redhat.java-1.55.0-win32-x64\server\plugins\org.eclipse.equinox.launcher_1.7.200.v20260619-2039.jar -configuration c:\Users\quint_ql99put\AppData\Roaming\Code\User\globalStorage\redhat.java\1.55.0\config_win -data c:\Users\quint_ql99put\AppData\Roaming\Code\User\workspaceStorage\e807a73fa681daab4bd5bc834418a9a6\redhat.java\jdt_ws --pipe=\\.\pipe\lsp-4829e8ab894c001af5f0f26ca9beb9d2-sock
java_class_path (initial): c:\Users\quint_ql99put\.vscode\extensions\redhat.java-1.55.0-win32-x64\server\plugins\org.eclipse.equinox.launcher_1.7.200.v20260619-2039.jar
Launcher Type: SUN_STANDARD

[Global flags]
    uintx AdaptiveSizePolicyWeight                 = 90                                        {product} {command line}
     intx CICompilerCount                          = 3                                         {product} {ergonomic}
    uintx GCTimeRatio                              = 4                                         {product} {command line}
     bool HeapDumpOnOutOfMemoryError               = true                                   {manageable} {command line}
    ccstr HeapDumpPath                             = c:\Users\quint_ql99put\AppData\Roaming\Code\User\workspaceStorage\e807a73fa681daab4bd5bc834418a9a6\redhat.java         {manageable} {command line}
   size_t InitialHeapSize                          = 104857600                                 {product} {command line}
   size_t MaxHeapSize                              = 2147483648                                {product} {command line}
   size_t MaxNewSize                               = 715653120                                 {product} {ergonomic}
   size_t MinHeapDeltaBytes                        = 524288                                    {product} {ergonomic}
   size_t MinHeapSize                              = 104857600                                 {product} {command line}
   size_t NewSize                                  = 34603008                                  {product} {ergonomic}
    uintx NonNMethodCodeHeapSize                   = 5832780                                {pd product} {ergonomic}
    uintx NonProfiledCodeHeapSize                  = 122912730                              {pd product} {ergonomic}
   size_t OldSize                                  = 70254592                                  {product} {ergonomic}
    uintx ProfiledCodeHeapSize                     = 122912730                              {pd product} {ergonomic}
    uintx ReservedCodeCacheSize                    = 251658240                              {pd product} {ergonomic}
     bool SegmentedCodeCache                       = true                                      {product} {ergonomic}
   size_t SoftMaxHeapSize                          = 2147483648                             {manageable} {ergonomic}
     bool UseCompressedOops                        = true                           {product lp64_product} {ergonomic}
     bool UseLargePagesIndividualAllocation        = false                                  {pd product} {ergonomic}
     bool UseParallelGC                            = true                                      {product} {command line}

Logging:
Log output configuration:
 #0: stdout all=off uptime,level,tags foldmultilines=false
 #1: stderr all=off uptime,level,tags foldmultilines=false

Release file:
JAVA_VERSION="21.0.11" 
MODULES="java.base java.compiler java.datatransfer java.xml java.prefs java.desktop java.instrument java.logging java.management java.security.sasl java.naming java.rmi java.management.rmi java.net.http java.scripting java.security.jgss java.transaction.xa java.sql java.sql.rowset java.xml.crypto java.se java.smartcardio jdk.accessibility jdk.internal.jvmstat jdk.attach jdk.charsets jdk.internal.opt jdk.zipfs jdk.compiler jdk.crypto.ec jdk.crypto.cryptoki jdk.crypto.mscapi jdk.dynalink jdk.internal.ed jdk.editpad jdk.hotspot.agent jdk.httpserver jdk.internal.le jdk.internal.vm.ci jdk.internal.vm.compiler jdk.internal.vm.compiler.management jdk.jartool jdk.javadoc jdk.jcmd jdk.management jdk.management.agent jdk.jconsole jdk.jdeps jdk.jdwp.agent jdk.jdi jdk.jfr jdk.jshell jdk.jsobject jdk.jstatd jdk.localedata jdk.management.jfr jdk.naming.dns jdk.naming.rmi jdk.net jdk.nio.mapmode jdk.random jdk.sctp jdk.security.auth jdk.security.jgss jdk.unsupported jdk.unsupported.desktop jdk.xml.dom" 

Environment Variables:
PATH=C:\WINDOWS\system32;C:\WINDOWS;C:\WINDOWS\System32\Wbem;C:\WINDOWS\System32\WindowsPowerShell\v1.0\;C:\WINDOWS\System32\OpenSSH\;C:\Users\quint_ql99put\AppData\Local\Programs\Microsoft\jdk-21.0.12.101-hotspot\bin;C:\Users\quint_ql99put\AppData\Local\Microsoft\WindowsApps;C:\Users\quint_ql99put\AppData\Local\Programs\DockerDesktop\resources\bin;C:\Users\quint_ql99put\AppData\Local\Programs\Microsoft VS Code\bin;C:\Users\quint_ql99put\AppData\Local\Programs\Git\cmd
USERNAME=quint_ql99put
OS=Windows_NT
PROCESSOR_IDENTIFIER=Intel64 Family 6 Model 190 Stepping 0, GenuineIntel
TMP=C:\Users\QUINT_~1\AppData\Local\Temp
TEMP=C:\Users\QUINT_~1\AppData\Local\Temp




Periodic native trim disabled

---------------  S Y S T E M  ---------------

OS:
 Windows 11 , 64 bit Build 26100 (10.0.26100.9168)
OS uptime: 1 days 20:30 hours
Hyper-V role detected

CPU: total 4 (initial active 4) (4 cores per cpu, 1 threads per core) family 6 model 190 stepping 0 microcode 0x18, cx8, cmov, fxsr, mmx, 3dnowpref, sse, sse2, sse3, ssse3, sse4.1, sse4.2, popcnt, lzcnt, tsc, tscinvbit, avx, avx2, aes, erms, clmul, bmi1, bmi2, adx, sha, fma, vzeroupper, clflush, clflushopt, clwb, hv, serialize, rdtscp, rdpid, fsrm, f16c, cet_ibt, cet_ss
Processor Information for the first 4 processors :
  Max Mhz: 1000, Current Mhz: 1000, Mhz Limit: 1000

Memory: 4k page, system-wide physical 3751M (67M free)
TotalPageFile size 15015M (AvailPageFile size 5M)
current process WorkingSet (physical memory assigned to process): 7M, peak: 270M
current process commit charge ("private bytes"): 1248M, peak: 1249M

vm_info: OpenJDK 64-Bit Server VM (21.0.11+10-LTS) for windows-amd64 JRE (21.0.11+10-LTS), built on 2026-04-21T00:00:00Z by "admin" with MS VC++ 17.12 (VS2022)

END.
